Component: ARM Compiler 5.06 update 2 (build 183) Tool: armlink [4d35b7]

==============================================================================

Section Cross References

    smg.o(i.SMG_Display) refers to aeabi_sdiv.o(.text) for __aeabi_idivmod
    smg.o(i.SMG_Display) refers to smg.o(i.SMG_Delay) for SMG_Delay
    smg.o(i.SMG_Display) refers to smg.o(.data) for table
    uart.o(i.UART_Init) refers to aeabi_sdiv.o(.text) for __aeabi_uidivmod
    uart.o(i.UART_Init) refers to system_lpc11xx.o(.data) for SystemCoreClock
    uart.o(i.UART_SendStr) refers to uart.o(i.UART_SendByte) for UART_SendByte
    adc.o(i.ADC_Init) refers to aeabi_sdiv.o(.text) for __aeabi_uidivmod
    adc.o(i.ADC_Init) refers to system_lpc11xx.o(.data) for SystemCoreClock
    adc.o(i.CaculTwoPoint) refers to adc.o(i.__ARM_common_ll_mulss) for __ARM_common_ll_mulss
    adc.o(i.CaculTwoPoint) refers to llsdiv.o(.text) for __aeabi_ldivmod
    delay.o(i.SysTick_Handler) refers to delay.o(.data) for ticks
    delay.o(i.delay_ms) refers to delay.o(.data) for ticks
    key.o(i.PIOINT3_IRQHandler) refers to main.o(.data) for datamax
    main.o(i.main) refers to _printf_percent.o(.ARM.Collect$$_printf_percent$$00000000) for _printf_percent
    main.o(i.main) refers to _printf_f.o(.ARM.Collect$$_printf_percent$$00000003) for _printf_f
    main.o(i.main) refers to printf1.o(x$fpl$printf1) for _printf_fp_dec
    main.o(i.main) refers to adc.o(i.ADC_Init) for ADC_Init
    main.o(i.main) refers to uart.o(i.UART_Init) for UART_Init
    main.o(i.main) refers to key.o(i.Keyinit) for Keyinit
    main.o(i.main) refers to delay.o(i.delay_ms) for delay_ms
    main.o(i.main) refers to aeabi_sdiv.o(.text) for __aeabi_uidivmod
    main.o(i.main) refers to fflti.o(.text) for __aeabi_ui2f
    main.o(i.main) refers to fdiv.o(.text) for __aeabi_fdiv
    main.o(i.main) refers to faddsub.o(x$fpl$fadd) for __aeabi_fadd
    main.o(i.main) refers to f2d.o(.text) for __aeabi_f2d
    main.o(i.main) refers to noretval__2sprintf.o(.text) for __2sprintf
    main.o(i.main) refers to uart.o(i.UART_SendStr) for UART_SendStr
    main.o(i.main) refers to main.o(.data) for datamax
    main.o(i.main) refers to main.o(.bss) for GcRcvBuf
    startup_lpc11xx.o(STACK) refers (Special) to heapauxi.o(.text) for __use_two_region_memory
    startup_lpc11xx.o(HEAP) refers (Special) to heapauxi.o(.text) for __use_two_region_memory
    startup_lpc11xx.o(RESET) refers (Special) to heapauxi.o(.text) for __use_two_region_memory
    startup_lpc11xx.o(RESET) refers to startup_lpc11xx.o(STACK) for __initial_sp
    startup_lpc11xx.o(RESET) refers to startup_lpc11xx.o(.text) for Reset_Handler
    startup_lpc11xx.o(RESET) refers to delay.o(i.SysTick_Handler) for SysTick_Handler
    startup_lpc11xx.o(RESET) refers to key.o(i.PIOINT3_IRQHandler) for PIOINT3_IRQHandler
    startup_lpc11xx.o(.ARM.__at_0x02FC) refers (Special) to heapauxi.o(.text) for __use_two_region_memory
    startup_lpc11xx.o(.text) refers (Special) to heapauxi.o(.text) for __use_two_region_memory
    startup_lpc11xx.o(.text) refers to system_lpc11xx.o(i.SystemInit) for SystemInit
    startup_lpc11xx.o(.text) refers to __main.o(!!!main) for __main
    startup_lpc11xx.o(.text) refers to startup_lpc11xx.o(HEAP) for Heap_Mem
    startup_lpc11xx.o(.text) refers to startup_lpc11xx.o(STACK) for Stack_Mem
    system_lpc11xx.o(i.SystemCoreClockUpdate) refers to system_lpc11xx.o(i.__ARM_common_switch8) for __ARM_common_switch8
    system_lpc11xx.o(i.SystemCoreClockUpdate) refers to aeabi_sdiv.o(.text) for __aeabi_uidivmod
    system_lpc11xx.o(i.SystemCoreClockUpdate) refers to system_lpc11xx.o(.data) for SystemCoreClock
    llsdiv.o(.text) refers to lludiv.o(.text) for __aeabi_uldivmod
    __2sprintf.o(.text) refers to _printf_char_common.o(.text) for _printf_char_common
    __2sprintf.o(.text) refers to _sputc.o(.text) for _sputc
    noretval__2sprintf.o(.text) refers to _printf_char_common.o(.text) for _printf_char_common
    noretval__2sprintf.o(.text) refers to _sputc.o(.text) for _sputc
    __printf.o(.text) refers to _printf_percent.o(.ARM.Collect$$_printf_percent$$00000000) for _printf_percent
    __printf_flags.o(.text) refers to _printf_percent.o(.ARM.Collect$$_printf_percent$$00000000) for _printf_percent
    __printf_flags.o(.text) refers to __printf_flags.o(.constdata) for .constdata
    __printf_ss.o(.text) refers to _printf_percent.o(.ARM.Collect$$_printf_percent$$00000000) for _printf_percent
    __printf_flags_ss.o(.text) refers to _printf_percent.o(.ARM.Collect$$_printf_percent$$00000000) for _printf_percent
    __printf_flags_ss.o(.text) refers to __printf_flags_ss.o(.constdata) for .constdata
    __printf_wp.o(.text) refers to __printf_wp.o(i._is_digit) for _is_digit
    __printf_wp.o(.text) refers to _printf_percent.o(.ARM.Collect$$_printf_percent$$00000000) for _printf_percent
    __printf_flags_wp.o(.text) refers to __printf_wp.o(i._is_digit) for _is_digit
    __printf_flags_wp.o(.text) refers to _printf_percent.o(.ARM.Collect$$_printf_percent$$00000000) for _printf_percent
    __printf_flags_wp.o(.text) refers to __printf_flags_wp.o(.constdata) for .constdata
    __printf_ss_wp.o(.text) refers to __printf_wp.o(i._is_digit) for _is_digit
    __printf_ss_wp.o(.text) refers to _printf_percent.o(.ARM.Collect$$_printf_percent$$00000000) for _printf_percent
    __printf_flags_ss_wp.o(.text) refers to __printf_wp.o(i._is_digit) for _is_digit
    __printf_flags_ss_wp.o(.text) refers to _printf_percent.o(.ARM.Collect$$_printf_percent$$00000000) for _printf_percent
    __printf_flags_ss_wp.o(.text) refers to __printf_flags_ss_wp.o(.constdata) for .constdata
    _printf_f.o(.ARM.Collect$$_printf_percent$$00000003) refers (Weak) to printf1.o(x$fpl$printf1) for _printf_fp_dec
    _printf_percent.o(.ARM.Collect$$_printf_percent$$00000000) refers (Special) to _printf_percent_end.o(.ARM.Collect$$_printf_percent$$00000017) for _printf_percent_end
    __main.o(!!!main) refers to __rtentry.o(.ARM.Collect$$rtentry$$00000000) for __rt_entry
    f2d.o(.text) refers (Special) to usenofp.o(x$fpl$usenofp) for __I$use$fp
    faddsub.o(x$fpl$fadd) refers (Special) to usenofp.o(x$fpl$usenofp) for __I$use$fp
    faddsub.o(x$fpl$fadd) refers to faddsub.o(x$fpl$fsub) for _fsub1
    faddsub.o(x$fpl$frsb) refers (Special) to usenofp.o(x$fpl$usenofp) for __I$use$fp
    faddsub.o(x$fpl$frsb) refers to faddsub.o(x$fpl$fsub) for _fsub1
    faddsub.o(x$fpl$frsb) refers to faddsub.o(x$fpl$fadd) for _fadd1
    faddsub.o(x$fpl$fsub) refers (Special) to usenofp.o(x$fpl$usenofp) for __I$use$fp
    faddsub.o(x$fpl$fsub) refers to faddsub.o(x$fpl$fadd) for _fadd1
    fdiv.o(.text) refers (Special) to usenofp.o(x$fpl$usenofp) for __I$use$fp
    fdiv.o(.text) refers to fdiv.o(.constdata) for .constdata
    fdiv.o(.constdata) refers (Special) to usenofp.o(x$fpl$usenofp) for __I$use$fp
    fflti.o(.text) refers (Special) to usenofp.o(x$fpl$usenofp) for __I$use$fp
    printf1.o(x$fpl$printf1) refers to _printf_fp_dec.o(.text) for _printf_fp_dec_real
    __rtentry.o(.ARM.Collect$$rtentry$$00000000) refers (Special) to __rtentry2.o(.ARM.Collect$$rtentry$$0000000A) for __rt_entry_li
    __rtentry.o(.ARM.Collect$$rtentry$$00000000) refers (Special) to __rtentry2.o(.ARM.Collect$$rtentry$$0000000D) for __rt_entry_main
    __rtentry.o(.ARM.Collect$$rtentry$$00000000) refers (Special) to __rtentry2.o(.ARM.Collect$$rtentry$$0000000C) for __rt_entry_postli_1
    __rtentry.o(.ARM.Collect$$rtentry$$00000000) refers (Special) to __rtentry2.o(.ARM.Collect$$rtentry$$00000009) for __rt_entry_postsh_1
    __rtentry.o(.ARM.Collect$$rtentry$$00000000) refers (Special) to __rtentry2.o(.ARM.Collect$$rtentry$$00000002) for __rt_entry_presh_1
    __rtentry.o(.ARM.Collect$$rtentry$$00000000) refers (Special) to __rtentry4.o(.ARM.Collect$$rtentry$$00000004) for __rt_entry_sh
    aeabi_idiv0_sigfpe.o(.text) refers to rt_div0.o(.text) for __rt_div0
    _printf_fp_dec.o(.text) refers (Special) to usenofp.o(x$fpl$usenofp) for __I$use$fp
    _printf_fp_dec.o(.text) refers (Special) to lc_numeric_c.o(locale$$code) for _get_lc_numeric
    _printf_fp_dec.o(.text) refers to bigflt0.o(.text) for _btod_etento
    _printf_fp_dec.o(.text) refers to btod.o(.text) for _btod_d2e
    _printf_fp_dec.o(.text) refers to lludiv10.o(.text) for _ll_udiv10
    _printf_fp_dec.o(.text) refers to fpclassify.o(i.__ARM_fpclassify) for __ARM_fpclassify
    _printf_fp_dec.o(.text) refers to _printf_fp_infnan.o(.text) for _printf_fp_infnan
    _printf_fp_dec.o(.text) refers to rtudiv10.o(.text) for __rt_udiv10
    _printf_fp_dec.o(.text) refers to rt_locale_intlibspace.o(.text) for __rt_locale
    _printf_char_common.o(.text) refers to __printf.o(.text) for __printf
    __rtentry2.o(.ARM.Collect$$rtentry$$00000008) refers to boardinit2.o(.text) for _platform_post_stackheap_init
    __rtentry2.o(.ARM.Collect$$rtentry$$0000000A) refers to libinit.o(.ARM.Collect$$libinit$$00000000) for __rt_lib_init
    __rtentry2.o(.ARM.Collect$$rtentry$$0000000B) refers to boardinit3.o(.text) for _platform_post_lib_init
    __rtentry2.o(.ARM.Collect$$rtentry$$0000000D) refers to main.o(i.main) for main
    __rtentry2.o(.ARM.Collect$$rtentry$$0000000D) refers to exit.o(.text) for exit
    __rtentry2.o(.ARM.exidx) refers to __rtentry2.o(.ARM.Collect$$rtentry$$00000001) for .ARM.Collect$$rtentry$$00000001
    __rtentry2.o(.ARM.exidx) refers to __rtentry2.o(.ARM.Collect$$rtentry$$00000008) for .ARM.Collect$$rtentry$$00000008
    __rtentry2.o(.ARM.exidx) refers to __rtentry2.o(.ARM.Collect$$rtentry$$0000000A) for .ARM.Collect$$rtentry$$0000000A
    __rtentry2.o(.ARM.exidx) refers to __rtentry2.o(.ARM.Collect$$rtentry$$0000000B) for .ARM.Collect$$rtentry$$0000000B
    __rtentry2.o(.ARM.exidx) refers to __rtentry2.o(.ARM.Collect$$rtentry$$0000000D) for .ARM.Collect$$rtentry$$0000000D
    __rtentry4.o(.ARM.Collect$$rtentry$$00000004) refers to sys_stackheap_outer.o(.text) for __user_setup_stackheap
    __rtentry4.o(.ARM.exidx) refers to __rtentry4.o(.ARM.Collect$$rtentry$$00000004) for .ARM.Collect$$rtentry$$00000004
    rt_div0.o(.text) refers to defsig_fpe_outer.o(.text) for __rt_SIGFPE
    aeabi_ldiv0_sigfpe.o(.text) refers to rt_div0.o(.text) for __rt_div0
    rt_locale.o(.text) refers to rt_locale.o(.bss) for __rt_locale_data
    rt_locale_intlibspace.o(.text) refers to libspace.o(.bss) for __libspace_start
    bigflt0.o(.text) refers (Special) to usenofp.o(x$fpl$usenofp) for __I$use$fp
    bigflt0.o(.text) refers to aeabi_sdiv.o(.text) for __aeabi_idivmod
    bigflt0.o(.text) refers to btod.o(.text) for _btod_emul
    bigflt0.o(.text) refers to bigflt0.o(.constdata) for .constdata
    bigflt0.o(.constdata) refers (Special) to usenofp.o(x$fpl$usenofp) for __I$use$fp
    btod.o(.text) refers to btod.o(i.__ARM_common_ll_muluu) for __ARM_common_ll_muluu
    lc_numeric_c.o(locale$$data) refers (Special) to libinit2.o(.ARM.Collect$$libinit$$00000016) for __rt_lib_init_lc_numeric_2
    lc_numeric_c.o(locale$$code) refers (Special) to libinit2.o(.ARM.Collect$$libinit$$00000016) for __rt_lib_init_lc_numeric_2
    lc_numeric_c.o(locale$$code) refers to strcmp.o(.text) for strcmp
    lc_numeric_c.o(locale$$code) refers to lc_numeric_c.o(locale$$data) for __lcnum_c_name
    ieee_status.o(.text) refers (Special) to usenofp.o(x$fpl$usenofp) for __I$use$fp
    fpclassify.o(i.__ARM_fpclassify) refers (Special) to usenofp.o(x$fpl$usenofp) for __I$use$fp
    libspace.o(.text) refers to libspace.o(.bss) for __libspace_start
    sys_stackheap_outer.o(.text) refers to libspace.o(.text) for __user_perproc_libspace
    sys_stackheap_outer.o(.text) refers to startup_lpc11xx.o(.text) for __user_initial_stackheap
    sys_stackheap_outer.o(__vectab_stack_and_reset_area) refers to tempstk.o(.text) for __temporary_stack_top
    sys_stackheap_outer.o(__vectab_stack_and_reset_area) refers to __main.o(!!!main) for __main
    exit.o(.text) refers to rtexit.o(.ARM.Collect$$rtexit$$00000000) for __rt_exit
    defsig_fpe_outer.o(.text) refers to defsig_fpe_inner.o(.text) for __rt_SIGFPE_inner
    defsig_fpe_outer.o(.text) refers to defsig_exit.o(.text) for __sig_exit
    defsig_fpe_formal.o(.text) refers to rt_raise.o(.text) for __rt_raise
    libinit.o(.ARM.Collect$$libinit$$00000000) refers (Special) to libinit2.o(.ARM.Collect$$libinit$$0000002E) for __rt_lib_init_alloca_1
    libinit.o(.ARM.Collect$$libinit$$00000000) refers (Special) to libinit2.o(.ARM.Collect$$libinit$$0000002C) for __rt_lib_init_argv_1
    libinit.o(.ARM.Collect$$libinit$$00000000) refers (Special) to libinit2.o(.ARM.Collect$$libinit$$0000001B) for __rt_lib_init_atexit_1
    libinit.o(.ARM.Collect$$libinit$$00000000) refers (Special) to libinit2.o(.ARM.Collect$$libinit$$00000021) for __rt_lib_init_clock_1
    libinit.o(.ARM.Collect$$libinit$$00000000) refers (Special) to libinit2.o(.ARM.Collect$$libinit$$00000032) for __rt_lib_init_cpp_1
    libinit.o(.ARM.Collect$$libinit$$00000000) refers (Special) to libinit2.o(.ARM.Collect$$libinit$$00000030) for __rt_lib_init_exceptions_1
    libinit.o(.ARM.Collect$$libinit$$00000000) refers (Special) to libinit2.o(.ARM.Collect$$libinit$$00000002) for __rt_lib_init_fp_1
    libinit.o(.ARM.Collect$$libinit$$00000000) refers (Special) to libinit2.o(.ARM.Collect$$libinit$$0000001F) for __rt_lib_init_fp_trap_1
    libinit.o(.ARM.Collect$$libinit$$00000000) refers (Special) to libinit2.o(.ARM.Collect$$libinit$$00000023) for __rt_lib_init_getenv_1
    libinit.o(.ARM.Collect$$libinit$$00000000) refers (Special) to libinit2.o(.ARM.Collect$$libinit$$0000000A) for __rt_lib_init_heap_1
    libinit.o(.ARM.Collect$$libinit$$00000000) refers (Special) to libinit2.o(.ARM.Collect$$libinit$$00000011) for __rt_lib_init_lc_collate_1
    libinit.o(.ARM.Collect$$libinit$$00000000) refers (Special) to libinit2.o(.ARM.Collect$$libinit$$00000013) for __rt_lib_init_lc_ctype_1
    libinit.o(.ARM.Collect$$libinit$$00000000) refers (Special) to libinit2.o(.ARM.Collect$$libinit$$00000015) for __rt_lib_init_lc_monetary_1
    libinit.o(.ARM.Collect$$libinit$$00000000) refers (Special) to libinit2.o(.ARM.Collect$$libinit$$00000017) for __rt_lib_init_lc_numeric_1
    libinit.o(.ARM.Collect$$libinit$$00000000) refers (Special) to libinit2.o(.ARM.Collect$$libinit$$00000019) for __rt_lib_init_lc_time_1
    libinit.o(.ARM.Collect$$libinit$$00000000) refers (Special) to libinit2.o(.ARM.Collect$$libinit$$00000004) for __rt_lib_init_preinit_1
    libinit.o(.ARM.Collect$$libinit$$00000000) refers (Special) to libinit2.o(.ARM.Collect$$libinit$$0000000E) for __rt_lib_init_rand_1
    libinit.o(.ARM.Collect$$libinit$$00000000) refers (Special) to libinit2.o(.ARM.Collect$$libinit$$00000033) for __rt_lib_init_return
    libinit.o(.ARM.Collect$$libinit$$00000000) refers (Special) to libinit2.o(.ARM.Collect$$libinit$$0000001D) for __rt_lib_init_signal_1
    libinit.o(.ARM.Collect$$libinit$$00000000) refers (Special) to libinit2.o(.ARM.Collect$$libinit$$00000025) for __rt_lib_init_stdio_1
    libinit.o(.ARM.Collect$$libinit$$00000000) refers (Special) to libinit2.o(.ARM.Collect$$libinit$$0000000C) for __rt_lib_init_user_alloc_1
    libinit2.o(.ARM.Collect$$libinit$$0000000F) refers (Weak) to rt_locale_intlibspace.o(.text) for __rt_locale
    libinit2.o(.ARM.Collect$$libinit$$00000010) refers to libinit2.o(.ARM.Collect$$libinit$$0000000F) for .ARM.Collect$$libinit$$0000000F
    libinit2.o(.ARM.Collect$$libinit$$00000012) refers to libinit2.o(.ARM.Collect$$libinit$$0000000F) for .ARM.Collect$$libinit$$0000000F
    libinit2.o(.ARM.Collect$$libinit$$00000014) refers to libinit2.o(.ARM.Collect$$libinit$$0000000F) for .ARM.Collect$$libinit$$0000000F
    libinit2.o(.ARM.Collect$$libinit$$00000016) refers to libinit2.o(.ARM.Collect$$libinit$$0000000F) for .ARM.Collect$$libinit$$0000000F
    libinit2.o(.ARM.Collect$$libinit$$00000016) refers (Weak) to lc_numeric_c.o(locale$$code) for _get_lc_numeric
    libinit2.o(.ARM.Collect$$libinit$$00000018) refers to libinit2.o(.ARM.Collect$$libinit$$0000000F) for .ARM.Collect$$libinit$$0000000F
    libinit2.o(.ARM.Collect$$libinit$$00000026) refers to argv_veneer.o(.text) for __ARM_argv_veneer
    libinit2.o(.ARM.Collect$$libinit$$00000027) refers to argv_veneer.o(.text) for __ARM_argv_veneer
    rtexit.o(.ARM.Collect$$rtexit$$00000000) refers (Special) to rtexit2.o(.ARM.Collect$$rtexit$$00000004) for __rt_exit_exit
    rtexit.o(.ARM.Collect$$rtexit$$00000000) refers (Special) to rtexit2.o(.ARM.Collect$$rtexit$$00000003) for __rt_exit_ls
    rtexit.o(.ARM.Collect$$rtexit$$00000000) refers (Special) to rtexit2.o(.ARM.Collect$$rtexit$$00000002) for __rt_exit_prels_1
    rtexit.o(.ARM.exidx) refers (Special) to rtexit2.o(.ARM.Collect$$rtexit$$00000004) for __rt_exit_exit
    rtexit.o(.ARM.exidx) refers (Special) to rtexit2.o(.ARM.Collect$$rtexit$$00000003) for __rt_exit_ls
    rtexit.o(.ARM.exidx) refers (Special) to rtexit2.o(.ARM.Collect$$rtexit$$00000002) for __rt_exit_prels_1
    rtexit.o(.ARM.exidx) refers to rtexit.o(.ARM.Collect$$rtexit$$00000000) for .ARM.Collect$$rtexit$$00000000
    rt_raise.o(.text) refers to __raise.o(.text) for __raise
    rt_raise.o(.text) refers to sys_exit.o(.text) for _sys_exit
    defsig_exit.o(.text) refers to sys_exit.o(.text) for _sys_exit
    defsig_fpe_inner.o(.text) refers to defsig_general.o(.text) for __default_signal_display
    sys_exit.o(.text) refers (Special) to use_no_semi.o(.text) for __I$use$semihosting
    sys_exit.o(.text) refers (Special) to indicate_semi.o(.text) for __semihosting_library_function
    rtexit2.o(.ARM.Collect$$rtexit$$00000003) refers to libshutdown.o(.ARM.Collect$$libshutdown$$00000000) for __rt_lib_shutdown
    rtexit2.o(.ARM.Collect$$rtexit$$00000004) refers to sys_exit.o(.text) for _sys_exit
    rtexit2.o(.ARM.exidx) refers to rtexit2.o(.ARM.Collect$$rtexit$$00000001) for .ARM.Collect$$rtexit$$00000001
    rtexit2.o(.ARM.exidx) refers to rtexit2.o(.ARM.Collect$$rtexit$$00000003) for .ARM.Collect$$rtexit$$00000003
    rtexit2.o(.ARM.exidx) refers to rtexit2.o(.ARM.Collect$$rtexit$$00000004) for .ARM.Collect$$rtexit$$00000004
    __raise.o(.text) refers to defsig.o(CL$$defsig) for __default_signal_handler
    defsig_general.o(.text) refers to sys_wrch.o(.text) for _ttywrch
    _get_argv_nomalloc.o(.text) refers (Special) to hrguard.o(.text) for __heap_region$guard
    _get_argv_nomalloc.o(.text) refers to defsig_rtmem_outer.o(.text) for __rt_SIGRTMEM
    _get_argv_nomalloc.o(.text) refers to sys_command.o(.text) for _sys_command_string
    sys_wrch.o(.text) refers (Special) to use_no_semi.o(.text) for __I$use$semihosting
    sys_wrch.o(.text) refers (Special) to indicate_semi.o(.text) for __semihosting_library_function
    sys_command.o(.text) refers (Special) to use_no_semi.o(.text) for __I$use$semihosting
    sys_command.o(.text) refers (Special) to indicate_semi.o(.text) for __semihosting_library_function
    defsig_rtmem_outer.o(.text) refers to defsig_rtmem_inner.o(.text) for __rt_SIGRTMEM_inner
    defsig_rtmem_outer.o(.text) refers to defsig_exit.o(.text) for __sig_exit
    defsig_rtmem_formal.o(.text) refers to rt_raise.o(.text) for __rt_raise
    defsig.o(CL$$defsig) refers to defsig_fpe_inner.o(.text) for __rt_SIGFPE_inner
    defsig.o(CL$$defsig) refers to defsig_rtmem_inner.o(.text) for __rt_SIGRTMEM_inner
    libshutdown.o(.ARM.Collect$$libshutdown$$00000000) refers (Special) to libshutdown2.o(.ARM.Collect$$libshutdown$$00000002) for __rt_lib_shutdown_cpp_1
    libshutdown.o(.ARM.Collect$$libshutdown$$00000000) refers (Special) to libshutdown2.o(.ARM.Collect$$libshutdown$$00000007) for __rt_lib_shutdown_fp_trap_1
    libshutdown.o(.ARM.Collect$$libshutdown$$00000000) refers (Special) to libshutdown2.o(.ARM.Collect$$libshutdown$$0000000F) for __rt_lib_shutdown_heap_1
    libshutdown.o(.ARM.Collect$$libshutdown$$00000000) refers (Special) to libshutdown2.o(.ARM.Collect$$libshutdown$$00000010) for __rt_lib_shutdown_return
    libshutdown.o(.ARM.Collect$$libshutdown$$00000000) refers (Special) to libshutdown2.o(.ARM.Collect$$libshutdown$$0000000A) for __rt_lib_shutdown_signal_1
    libshutdown.o(.ARM.Collect$$libshutdown$$00000000) refers (Special) to libshutdown2.o(.ARM.Collect$$libshutdown$$00000004) for __rt_lib_shutdown_stdio_1
    libshutdown.o(.ARM.Collect$$libshutdown$$00000000) refers (Special) to libshutdown2.o(.ARM.Collect$$libshutdown$$0000000C) for __rt_lib_shutdown_user_alloc_1
    defsig_abrt_inner.o(.text) refers to defsig_general.o(.text) for __default_signal_display
    defsig_rtred_inner.o(.text) refers to defsig_general.o(.text) for __default_signal_display
    defsig_rtmem_inner.o(.text) refers to defsig_general.o(.text) for __default_signal_display
    defsig_stak_inner.o(.text) refers to defsig_general.o(.text) for __default_signal_display
    defsig_pvfn_inner.o(.text) refers to defsig_general.o(.text) for __default_signal_display
    defsig_cppl_inner.o(.text) refers to defsig_general.o(.text) for __default_signal_display
    defsig_segv_inner.o(.text) refers to defsig_general.o(.text) for __default_signal_display
    defsig_other.o(.text) refers to defsig_general.o(.text) for __default_signal_display


==============================================================================

Removing Unused input sections from the image.

    Removing smg.o(.rev16_text), (4 bytes).
    Removing smg.o(.revsh_text), (4 bytes).
    Removing smg.o(i.SMG_Delay), (14 bytes).
    Removing smg.o(i.SMG_Display), (452 bytes).
    Removing smg.o(i.SMG_Init), (16 bytes).
    Removing smg.o(.data), (10 bytes).
    Removing uart.o(.rev16_text), (4 bytes).
    Removing uart.o(.revsh_text), (4 bytes).
    Removing adc.o(.rev16_text), (4 bytes).
    Removing adc.o(.revsh_text), (4 bytes).
    Removing adc.o(i.CaculTwoPoint), (52 bytes).
    Removing delay.o(.rev16_text), (4 bytes).
    Removing delay.o(.revsh_text), (4 bytes).
    Removing delay.o(i.Delay), (32 bytes).
    Removing key.o(.rev16_text), (4 bytes).
    Removing key.o(.revsh_text), (4 bytes).
    Removing main.o(.rev16_text), (4 bytes).
    Removing main.o(.revsh_text), (4 bytes).
    Removing system_lpc11xx.o(.rev16_text), (4 bytes).
    Removing system_lpc11xx.o(.revsh_text), (4 bytes).
    Removing system_lpc11xx.o(i.SystemCoreClockUpdate), (440 bytes).
    Removing adc.o(i.__ARM_common_ll_mulss), (48 bytes).
    Removing system_lpc11xx.o(i.__ARM_common_switch8), (28 bytes).

23 unused section(s) (total 1148 bytes) removed from the image.

==============================================================================

Image Symbol Table

    Local Symbols

    Symbol Name                              Value     Ov Type        Size  Object(Section)

    RESET                                    0x00000000   Section      192  startup_lpc11xx.o(RESET)
    ../clib/angel/boardlib.s                 0x00000000   Number         0  boardinit1.o ABSOLUTE
    ../clib/angel/boardlib.s                 0x00000000   Number         0  boardinit2.o ABSOLUTE
    ../clib/angel/boardlib.s                 0x00000000   Number         0  boardinit3.o ABSOLUTE
    ../clib/angel/boardlib.s                 0x00000000   Number         0  boardshut.o ABSOLUTE
    ../clib/angel/handlers.s                 0x00000000   Number         0  __scatter_zi.o ABSOLUTE
    ../clib/angel/handlers.s                 0x00000000   Number         0  __scatter_copy.o ABSOLUTE
    ../clib/angel/kernel.s                   0x00000000   Number         0  __rtentry4.o ABSOLUTE
    ../clib/angel/kernel.s                   0x00000000   Number         0  __rtentry2.o ABSOLUTE
    ../clib/angel/kernel.s                   0x00000000   Number         0  rtexit2.o ABSOLUTE
    ../clib/angel/kernel.s                   0x00000000   Number         0  rtexit.o ABSOLUTE
    ../clib/angel/kernel.s                   0x00000000   Number         0  __rtentry.o ABSOLUTE
    ../clib/angel/rt.s                       0x00000000   Number         0  rt_div0.o ABSOLUTE
    ../clib/angel/rt.s                       0x00000000   Number         0  aeabi_ldiv0_sigfpe.o ABSOLUTE
    ../clib/angel/rt.s                       0x00000000   Number         0  rt_locale.o ABSOLUTE
    ../clib/angel/rt.s                       0x00000000   Number         0  rt_locale_intlibspace.o ABSOLUTE
    ../clib/angel/rt.s                       0x00000000   Number         0  aeabi_idiv0_sigfpe.o ABSOLUTE
    ../clib/angel/rt.s                       0x00000000   Number         0  aeabi_idiv0.o ABSOLUTE
    ../clib/angel/rt.s                       0x00000000   Number         0  rt_raise.o ABSOLUTE
    ../clib/angel/rt.s                       0x00000000   Number         0  aeabi_ldiv0.o ABSOLUTE
    ../clib/angel/scatterp.s                 0x00000000   Number         0  __scatter.o ABSOLUTE
    ../clib/angel/startup.s                  0x00000000   Number         0  __main.o ABSOLUTE
    ../clib/angel/sys.s                      0x00000000   Number         0  indicate_semi.o ABSOLUTE
    ../clib/angel/sys.s                      0x00000000   Number         0  sys_stackheap_outer.o ABSOLUTE
    ../clib/angel/sys.s                      0x00000000   Number         0  libspace.o ABSOLUTE
    ../clib/angel/sys.s                      0x00000000   Number         0  use_no_semi.o ABSOLUTE
    ../clib/angel/sys.s                      0x00000000   Number         0  tempstk.o ABSOLUTE
    ../clib/angel/sysapp.c                   0x00000000   Number         0  sys_exit.o ABSOLUTE
    ../clib/angel/sysapp.c                   0x00000000   Number         0  sys_command.o ABSOLUTE
    ../clib/angel/sysapp.c                   0x00000000   Number         0  sys_wrch.o ABSOLUTE
    ../clib/armsys.c                         0x00000000   Number         0  _get_argv_nomalloc.o ABSOLUTE
    ../clib/armsys.c                         0x00000000   Number         0  no_argv.o ABSOLUTE
    ../clib/armsys.c                         0x00000000   Number         0  argv_veneer.o ABSOLUTE
    ../clib/bigflt.c                         0x00000000   Number         0  bigflt0.o ABSOLUTE
    ../clib/btod.c                           0x00000000   Number         0  btod.o ABSOLUTE
    ../clib/division.c                       0x00000000   Number         0  lludiv.o ABSOLUTE
    ../clib/division.c                       0x00000000   Number         0  llsdiv.o ABSOLUTE
    ../clib/division.c                       0x00000000   Number         0  rtudiv10.o ABSOLUTE
    ../clib/division.c                       0x00000000   Number         0  lludiv10.o ABSOLUTE
    ../clib/division.s                       0x00000000   Number         0  aeabi_sdiv_div0.o ABSOLUTE
    ../clib/division.s                       0x00000000   Number         0  aeabi_sdiv.o ABSOLUTE
    ../clib/heapalloc.c                      0x00000000   Number         0  hrguard.o ABSOLUTE
    ../clib/heapaux.c                        0x00000000   Number         0  heapauxi.o ABSOLUTE
    ../clib/libinit.s                        0x00000000   Number         0  libinit.o ABSOLUTE
    ../clib/libinit.s                        0x00000000   Number         0  libshutdown2.o ABSOLUTE
    ../clib/libinit.s                        0x00000000   Number         0  libinit2.o ABSOLUTE
    ../clib/libinit.s                        0x00000000   Number         0  libshutdown.o ABSOLUTE
    ../clib/locale.s                         0x00000000   Number         0  lc_numeric_c.o ABSOLUTE
    ../clib/printf.c                         0x00000000   Number         0  __printf_nopercent.o ABSOLUTE
    ../clib/printf.c                         0x00000000   Number         0  _sputc.o ABSOLUTE
    ../clib/printf.c                         0x00000000   Number         0  __printf_ss_wp.o ABSOLUTE
    ../clib/printf.c                         0x00000000   Number         0  _printf_char_common.o ABSOLUTE
    ../clib/printf.c                         0x00000000   Number         0  _printf_fp_dec.o ABSOLUTE
    ../clib/printf.c                         0x00000000   Number         0  __2sprintf.o ABSOLUTE
    ../clib/printf.c                         0x00000000   Number         0  __printf_ss.o ABSOLUTE
    ../clib/printf.c                         0x00000000   Number         0  __printf_flags.o ABSOLUTE
    ../clib/printf.c                         0x00000000   Number         0  noretval__2sprintf.o ABSOLUTE
    ../clib/printf.c                         0x00000000   Number         0  __printf.o ABSOLUTE
    ../clib/printf.c                         0x00000000   Number         0  __printf_flags_ss_wp.o ABSOLUTE
    ../clib/printf.c                         0x00000000   Number         0  __printf_flags_ss.o ABSOLUTE
    ../clib/printf.c                         0x00000000   Number         0  __printf_flags_wp.o ABSOLUTE
    ../clib/printf.c                         0x00000000   Number         0  __printf_wp.o ABSOLUTE
    ../clib/printf.c                         0x00000000   Number         0  _printf_fp_infnan.o ABSOLUTE
    ../clib/printf_percent.s                 0x00000000   Number         0  _printf_percent_end.o ABSOLUTE
    ../clib/printf_percent.s                 0x00000000   Number         0  _printf_percent.o ABSOLUTE
    ../clib/printf_percent.s                 0x00000000   Number         0  _printf_f.o ABSOLUTE
    ../clib/signal.c                         0x00000000   Number         0  defsig_cppl_inner.o ABSOLUTE
    ../clib/signal.c                         0x00000000   Number         0  defsig_fpe_inner.o ABSOLUTE
    ../clib/signal.c                         0x00000000   Number         0  defsig_exit.o ABSOLUTE
    ../clib/signal.c                         0x00000000   Number         0  defsig_stak_inner.o ABSOLUTE
    ../clib/signal.c                         0x00000000   Number         0  defsig_rtmem_inner.o ABSOLUTE
    ../clib/signal.c                         0x00000000   Number         0  defsig_rtmem_formal.o ABSOLUTE
    ../clib/signal.c                         0x00000000   Number         0  defsig_fpe_formal.o ABSOLUTE
    ../clib/signal.c                         0x00000000   Number         0  defsig_fpe_outer.o ABSOLUTE
    ../clib/signal.c                         0x00000000   Number         0  defsig_general.o ABSOLUTE
    ../clib/signal.c                         0x00000000   Number         0  defsig_pvfn_inner.o ABSOLUTE
    ../clib/signal.c                         0x00000000   Number         0  defsig_abrt_inner.o ABSOLUTE
    ../clib/signal.c                         0x00000000   Number         0  defsig_rtred_inner.o ABSOLUTE
    ../clib/signal.c                         0x00000000   Number         0  __raise.o ABSOLUTE
    ../clib/signal.c                         0x00000000   Number         0  defsig_rtmem_outer.o ABSOLUTE
    ../clib/signal.c                         0x00000000   Number         0  defsig_other.o ABSOLUTE
    ../clib/signal.c                         0x00000000   Number         0  defsig_segv_inner.o ABSOLUTE
    ../clib/signal.s                         0x00000000   Number         0  defsig.o ABSOLUTE
    ../clib/stdlib.c                         0x00000000   Number         0  exit.o ABSOLUTE
    ../clib/string.c                         0x00000000   Number         0  strcmp.o ABSOLUTE
    ../fplib/cfplib/f2d.c                    0x00000000   Number         0  f2d.o ABSOLUTE
    ../fplib/cfplib/fdiv.c                   0x00000000   Number         0  fdiv.o ABSOLUTE
    ../fplib/cfplib/fflt.c                   0x00000000   Number         0  fflti.o ABSOLUTE
    ../fplib/cfplib/fpinit.c                 0x00000000   Number         0  fpinit.o ABSOLUTE
    ../fplib/cfplib/ieee_status.c            0x00000000   Number         0  ieee_status.o ABSOLUTE
    ../fplib/faddsub6m.s                     0x00000000   Number         0  faddsub.o ABSOLUTE
    ../fplib/printf1.s                       0x00000000   Number         0  printf1.o ABSOLUTE
    ../fplib/usenofp.s                       0x00000000   Number         0  usenofp.o ABSOLUTE
    ../mathlib/fpclassify.c                  0x00000000   Number         0  fpclassify.o ABSOLUTE
    ..\\src\\ADC.c                           0x00000000   Number         0  adc.o ABSOLUTE
    ..\\src\\Delay.c                         0x00000000   Number         0  delay.o ABSOLUTE
    ..\\src\\Key.c                           0x00000000   Number         0  key.o ABSOLUTE
    ..\\src\\SMG.c                           0x00000000   Number         0  smg.o ABSOLUTE
    ..\\src\\Uart.c                          0x00000000   Number         0  uart.o ABSOLUTE
    ..\\src\\main.c                          0x00000000   Number         0  main.o ABSOLUTE
    ..\src\ADC.c                             0x00000000   Number         0  adc.o ABSOLUTE
    ..\src\Delay.c                           0x00000000   Number         0  delay.o ABSOLUTE
    ..\src\Key.c                             0x00000000   Number         0  key.o ABSOLUTE
    ..\src\SMG.c                             0x00000000   Number         0  smg.o ABSOLUTE
    ..\src\Uart.c                            0x00000000   Number         0  uart.o ABSOLUTE
    ..\src\main.c                            0x00000000   Number         0  main.o ABSOLUTE
    RTE\Device\LPC1114FBD48_301\startup_LPC11xx.s 0x00000000   Number         0  startup_lpc11xx.o ABSOLUTE
    RTE\Device\LPC1114FBD48_301\system_LPC11xx.c 0x00000000   Number         0  system_lpc11xx.o ABSOLUTE
    RTE\\Device\\LPC1114FBD48_301\\system_LPC11xx.c 0x00000000   Number         0  system_lpc11xx.o ABSOLUTE
    dc.s                                     0x00000000   Number         0  dc.o ABSOLUTE
    !!!main                                  0x000000c0   Section        8  __main.o(!!!main)
    !!!scatter                               0x000000c8   Section       60  __scatter.o(!!!scatter)
    !!handler_copy                           0x00000104   Section       26  __scatter_copy.o(!!handler_copy)
    !!handler_zi                             0x00000120   Section       28  __scatter_zi.o(!!handler_zi)
    .ARM.Collect$$_printf_percent$$00000000  0x0000013c   Section        2  _printf_percent.o(.ARM.Collect$$_printf_percent$$00000000)
    .ARM.Collect$$_printf_percent$$00000003  0x0000013e   Section       10  _printf_f.o(.ARM.Collect$$_printf_percent$$00000003)
    .ARM.Collect$$_printf_percent$$00000017  0x00000148   Section        4  _printf_percent_end.o(.ARM.Collect$$_printf_percent$$00000017)
    .ARM.Collect$$libinit$$00000000          0x0000014c   Section        2  libinit.o(.ARM.Collect$$libinit$$00000000)
    .ARM.Collect$$libinit$$00000002          0x0000014e   Section        0  libinit2.o(.ARM.Collect$$libinit$$00000002)
    .ARM.Collect$$libinit$$00000004          0x0000014e   Section        0  libinit2.o(.ARM.Collect$$libinit$$00000004)
    .ARM.Collect$$libinit$$0000000A          0x0000014e   Section        0  libinit2.o(.ARM.Collect$$libinit$$0000000A)
    .ARM.Collect$$libinit$$0000000C          0x0000014e   Section        0  libinit2.o(.ARM.Collect$$libinit$$0000000C)
    .ARM.Collect$$libinit$$0000000E          0x0000014e   Section        0  libinit2.o(.ARM.Collect$$libinit$$0000000E)
    .ARM.Collect$$libinit$$0000000F          0x0000014e   Section        6  libinit2.o(.ARM.Collect$$libinit$$0000000F)
    .ARM.Collect$$libinit$$00000011          0x00000154   Section        0  libinit2.o(.ARM.Collect$$libinit$$00000011)
    .ARM.Collect$$libinit$$00000013          0x00000154   Section        0  libinit2.o(.ARM.Collect$$libinit$$00000013)
    .ARM.Collect$$libinit$$00000015          0x00000154   Section        0  libinit2.o(.ARM.Collect$$libinit$$00000015)
    .ARM.Collect$$libinit$$00000016          0x00000154   Section       10  libinit2.o(.ARM.Collect$$libinit$$00000016)
    .ARM.Collect$$libinit$$00000017          0x0000015e   Section        0  libinit2.o(.ARM.Collect$$libinit$$00000017)
    .ARM.Collect$$libinit$$00000019          0x0000015e   Section        0  libinit2.o(.ARM.Collect$$libinit$$00000019)
    .ARM.Collect$$libinit$$0000001B          0x0000015e   Section        0  libinit2.o(.ARM.Collect$$libinit$$0000001B)
    .ARM.Collect$$libinit$$0000001D          0x0000015e   Section        0  libinit2.o(.ARM.Collect$$libinit$$0000001D)
    .ARM.Collect$$libinit$$0000001F          0x0000015e   Section        0  libinit2.o(.ARM.Collect$$libinit$$0000001F)
    .ARM.Collect$$libinit$$00000021          0x0000015e   Section        0  libinit2.o(.ARM.Collect$$libinit$$00000021)
    .ARM.Collect$$libinit$$00000023          0x0000015e   Section        0  libinit2.o(.ARM.Collect$$libinit$$00000023)
    .ARM.Collect$$libinit$$00000025          0x0000015e   Section        0  libinit2.o(.ARM.Collect$$libinit$$00000025)
    .ARM.Collect$$libinit$$0000002C          0x0000015e   Section        0  libinit2.o(.ARM.Collect$$libinit$$0000002C)
    .ARM.Collect$$libinit$$0000002E          0x0000015e   Section        0  libinit2.o(.ARM.Collect$$libinit$$0000002E)
    .ARM.Collect$$libinit$$00000030          0x0000015e   Section        0  libinit2.o(.ARM.Collect$$libinit$$00000030)
    .ARM.Collect$$libinit$$00000032          0x0000015e   Section        0  libinit2.o(.ARM.Collect$$libinit$$00000032)
    .ARM.Collect$$libinit$$00000033          0x0000015e   Section        2  libinit2.o(.ARM.Collect$$libinit$$00000033)
    .ARM.Collect$$libshutdown$$00000000      0x00000160   Section        2  libshutdown.o(.ARM.Collect$$libshutdown$$00000000)
    .ARM.Collect$$libshutdown$$00000002      0x00000162   Section        0  libshutdown2.o(.ARM.Collect$$libshutdown$$00000002)
    .ARM.Collect$$libshutdown$$00000004      0x00000162   Section        0  libshutdown2.o(.ARM.Collect$$libshutdown$$00000004)
    .ARM.Collect$$libshutdown$$00000007      0x00000162   Section        0  libshutdown2.o(.ARM.Collect$$libshutdown$$00000007)
    .ARM.Collect$$libshutdown$$0000000A      0x00000162   Section        0  libshutdown2.o(.ARM.Collect$$libshutdown$$0000000A)
    .ARM.Collect$$libshutdown$$0000000C      0x00000162   Section        0  libshutdown2.o(.ARM.Collect$$libshutdown$$0000000C)
    .ARM.Collect$$libshutdown$$0000000F      0x00000162   Section        0  libshutdown2.o(.ARM.Collect$$libshutdown$$0000000F)
    .ARM.Collect$$libshutdown$$00000010      0x00000162   Section        2  libshutdown2.o(.ARM.Collect$$libshutdown$$00000010)
    .ARM.Collect$$rtentry$$00000000          0x00000164   Section        0  __rtentry.o(.ARM.Collect$$rtentry$$00000000)
    .ARM.Collect$$rtentry$$00000002          0x00000164   Section        0  __rtentry2.o(.ARM.Collect$$rtentry$$00000002)
    .ARM.Collect$$rtentry$$00000004          0x00000164   Section        6  __rtentry4.o(.ARM.Collect$$rtentry$$00000004)
    .ARM.Collect$$rtentry$$00000009          0x0000016a   Section        0  __rtentry2.o(.ARM.Collect$$rtentry$$00000009)
    .ARM.Collect$$rtentry$$0000000A          0x0000016a   Section        4  __rtentry2.o(.ARM.Collect$$rtentry$$0000000A)
    .ARM.Collect$$rtentry$$0000000C          0x0000016e   Section        0  __rtentry2.o(.ARM.Collect$$rtentry$$0000000C)
    .ARM.Collect$$rtentry$$0000000D          0x0000016e   Section        8  __rtentry2.o(.ARM.Collect$$rtentry$$0000000D)
    .ARM.Collect$$rtexit$$00000000           0x00000176   Section        2  rtexit.o(.ARM.Collect$$rtexit$$00000000)
    .ARM.Collect$$rtexit$$00000002           0x00000178   Section        0  rtexit2.o(.ARM.Collect$$rtexit$$00000002)
    .ARM.Collect$$rtexit$$00000003           0x00000178   Section        4  rtexit2.o(.ARM.Collect$$rtexit$$00000003)
    .ARM.Collect$$rtexit$$00000004           0x0000017c   Section        6  rtexit2.o(.ARM.Collect$$rtexit$$00000004)
    .text                                    0x00000184   Section       52  startup_lpc11xx.o(.text)
    .text                                    0x000001b8   Section        0  noretval__2sprintf.o(.text)
    .text                                    0x000001e0   Section        0  __printf.o(.text)
    .text                                    0x0000024c   Section        0  heapauxi.o(.text)
    .text                                    0x00000254   Section        0  f2d.o(.text)
    .text                                    0x000002a8   Section        0  _printf_char_common.o(.text)
    _printf_input_char                       0x000002a9   Thumb Code    10  _printf_char_common.o(.text)
    .text                                    0x000002d8   Section        0  _sputc.o(.text)
    .text                                    0x000002e4   Section        8  rt_locale_intlibspace.o(.text)
    .text                                    0x000002ec   Section        8  libspace.o(.text)
    .text                                    0x000002f4   Section        2  use_no_semi.o(.text)
    .text                                    0x000002f6   Section        0  indicate_semi.o(.text)
    x$fpl$usenofp                            0x000002f6   Section        0  usenofp.o(x$fpl$usenofp)
    .ARM.__at_0x02FC                         0x000002fc   Section        4  startup_lpc11xx.o(.ARM.__at_0x02FC)
    .text                                    0x00000300   Section      346  aeabi_sdiv.o(.text)
    .text                                    0x0000045c   Section        0  fdiv.o(.text)
    .text                                    0x000005bc   Section        0  fflti.o(.text)
    .text                                    0x0000061c   Section        0  _printf_fp_dec.o(.text)
    _fp_digits                               0x0000061f   Thumb Code   408  _printf_fp_dec.o(.text)
    .text                                    0x00000a30   Section        0  lludiv10.o(.text)
    .text                                    0x00000aac   Section        0  _printf_fp_infnan.o(.text)
    .text                                    0x00000b34   Section        0  bigflt0.o(.text)
    .text                                    0x00000bfc   Section        0  btod.o(.text)
    btod_internal_mul                        0x00000c3d   Thumb Code   456  btod.o(.text)
    btod_internal_div                        0x00000e05   Thumb Code   494  btod.o(.text)
    .text                                    0x000010a4   Section        0  rtudiv10.o(.text)
    .text                                    0x000010cc   Section       62  sys_stackheap_outer.o(.text)
    .text                                    0x0000110a   Section        0  exit.o(.text)
    .text                                    0x0000111c   Section        0  strcmp.o(.text)
    .text                                    0x000011a4   Section        0  sys_exit.o(.text)
    i.ADC_Init                               0x000011b0   Section        0  adc.o(i.ADC_Init)
    i.Keyinit                                0x00001224   Section        0  key.o(i.Keyinit)
    i.PIOINT3_IRQHandler                     0x000012b8   Section        0  key.o(i.PIOINT3_IRQHandler)
    i.SysTick_Handler                        0x00001328   Section        0  delay.o(i.SysTick_Handler)
    i.SystemInit                             0x00001338   Section        0  system_lpc11xx.o(i.SystemInit)
    i.UART_Init                              0x000013d8   Section        0  uart.o(i.UART_Init)
    i.UART_SendByte                          0x00001480   Section        0  uart.o(i.UART_SendByte)
    i.UART_SendStr                           0x00001498   Section        0  uart.o(i.UART_SendStr)
    i.__ARM_common_ll_muluu                  0x000014b4   Section        0  btod.o(i.__ARM_common_ll_muluu)
    i.__ARM_fpclassify                       0x000014e4   Section        0  fpclassify.o(i.__ARM_fpclassify)
    i.delay_ms                               0x00001510   Section        0  delay.o(i.delay_ms)
    i.main                                   0x00001550   Section        0  main.o(i.main)
    locale$$code                             0x0000175c   Section       44  lc_numeric_c.o(locale$$code)
    x$fpl$fadd                               0x00001788   Section      140  faddsub.o(x$fpl$fadd)
    _fadd1                                   0x00001795   Thumb Code     0  faddsub.o(x$fpl$fadd)
    x$fpl$fsub                               0x00001814   Section      208  faddsub.o(x$fpl$fsub)
    _fsub1                                   0x00001821   Thumb Code     0  faddsub.o(x$fpl$fsub)
    x$fpl$printf1                            0x000018e4   Section       16  printf1.o(x$fpl$printf1)
    .constdata                               0x000018f4   Section       64  fdiv.o(.constdata)
    fdiv_tab                                 0x000018f4   Data          64  fdiv.o(.constdata)
    .constdata                               0x00001934   Section      148  bigflt0.o(.constdata)
    tenpwrs_x                                0x00001934   Data          60  bigflt0.o(.constdata)
    tenpwrs_i                                0x00001970   Data          64  bigflt0.o(.constdata)
    locale$$data                             0x000019e8   Section       28  lc_numeric_c.o(locale$$data)
    __lcnum_c_name                           0x000019ec   Data           2  lc_numeric_c.o(locale$$data)
    __lcnum_c_start                          0x000019f4   Data           0  lc_numeric_c.o(locale$$data)
    __lcnum_c_point                          0x00001a00   Data           0  lc_numeric_c.o(locale$$data)
    __lcnum_c_thousands                      0x00001a02   Data           0  lc_numeric_c.o(locale$$data)
    __lcnum_c_grouping                       0x00001a03   Data           0  lc_numeric_c.o(locale$$data)
    __lcnum_c_end                            0x00001a04   Data           0  lc_numeric_c.o(locale$$data)
    .data                                    0x10000000   Section        4  delay.o(.data)
    ticks                                    0x10000000   Data           4  delay.o(.data)
    .data                                    0x10000004   Section        2  main.o(.data)
    .data                                    0x10000008   Section        4  system_lpc11xx.o(.data)
    .bss                                     0x1000000c   Section       20  main.o(.bss)
    .bss                                     0x10000020   Section       96  libspace.o(.bss)
    HEAP                                     0x10000080   Section        0  startup_lpc11xx.o(HEAP)
    STACK                                    0x10000080   Section      512  startup_lpc11xx.o(STACK)
    Heap_Mem                                 0x10000080   Data           0  startup_lpc11xx.o(HEAP)
    Stack_Mem                                0x10000080   Data         512  startup_lpc11xx.o(STACK)
    __initial_sp                             0x10000280   Data           0  startup_lpc11xx.o(STACK)

    Global Symbols

    Symbol Name                              Value     Ov Type        Size  Object(Section)

    BuildAttributes$$THM_ISAv3M$S$PE$A:L22$X:L11$S22$IEEE1$IW$USESV6$~STKCKD$USESV7$~SHL$OTIME$ROPI$IEEEJ$EBA8$UX$STANDARDLIB$REQ8$PRES8$EABIv2 0x00000000   Number         0  anon$$obj.o ABSOLUTE
    __ARM_use_no_argv                        0x00000000   Number         0  main.o ABSOLUTE
    __Vectors                                0x00000000   Data           4  startup_lpc11xx.o(RESET)
    __ARM_exceptions_init                     - Undefined Weak Reference
    __alloca_initialize                       - Undefined Weak Reference
    __arm_preinit_                            - Undefined Weak Reference
    __cpp_initialize__aeabi_                  - Undefined Weak Reference
    __cxa_finalize                            - Undefined Weak Reference
    __sigvec_lookup                           - Undefined Weak Reference
    _atexit_init                              - Undefined Weak Reference
    _call_atexit_fns                          - Undefined Weak Reference
    _clock_init                               - Undefined Weak Reference
    _fp_trap_init                             - Undefined Weak Reference
    _fp_trap_shutdown                         - Undefined Weak Reference
    _get_lc_collate                           - Undefined Weak Reference
    _get_lc_ctype                             - Undefined Weak Reference
    _get_lc_monetary                          - Undefined Weak Reference
    _get_lc_time                              - Undefined Weak Reference
    _getenv_init                              - Undefined Weak Reference
    _handle_redirection                       - Undefined Weak Reference
    _init_alloc                               - Undefined Weak Reference
    _init_user_alloc                          - Undefined Weak Reference
    _initio                                   - Undefined Weak Reference
    _printf_post_padding                      - Undefined Weak Reference
    _printf_pre_padding                       - Undefined Weak Reference
    _rand_init                                - Undefined Weak Reference
    _signal_finish                            - Undefined Weak Reference
    _signal_init                              - Undefined Weak Reference
    _terminate_alloc                          - Undefined Weak Reference
    _terminate_user_alloc                     - Undefined Weak Reference
    _terminateio                              - Undefined Weak Reference
    __main                                   0x000000c1   Thumb Code     8  __main.o(!!!main)
    __scatterload                            0x000000c9   Thumb Code     0  __scatter.o(!!!scatter)
    __scatterload_rt2                        0x000000c9   Thumb Code    52  __scatter.o(!!!scatter)
    __scatterload_rt2_thumb_only             0x000000c9   Thumb Code     0  __scatter.o(!!!scatter)
    __scatterload_null                       0x000000d9   Thumb Code     0  __scatter.o(!!!scatter)
    __scatterload_copy                       0x00000105   Thumb Code    26  __scatter_copy.o(!!handler_copy)
    __scatterload_zeroinit                   0x00000121   Thumb Code    28  __scatter_zi.o(!!handler_zi)
    _printf_percent                          0x0000013d   Thumb Code     0  _printf_percent.o(.ARM.Collect$$_printf_percent$$00000000)
    _printf_f                                0x0000013f   Thumb Code     0  _printf_f.o(.ARM.Collect$$_printf_percent$$00000003)
    _printf_percent_end                      0x00000149   Thumb Code     0  _printf_percent_end.o(.ARM.Collect$$_printf_percent$$00000017)
    __rt_lib_init                            0x0000014d   Thumb Code     0  libinit.o(.ARM.Collect$$libinit$$00000000)
    __rt_lib_init_fp_1                       0x0000014f   Thumb Code     0  libinit2.o(.ARM.Collect$$libinit$$00000002)
    __rt_lib_init_heap_1                     0x0000014f   Thumb Code     0  libinit2.o(.ARM.Collect$$libinit$$0000000A)
    __rt_lib_init_lc_common                  0x0000014f   Thumb Code     0  libinit2.o(.ARM.Collect$$libinit$$0000000F)
    __rt_lib_init_preinit_1                  0x0000014f   Thumb Code     0  libinit2.o(.ARM.Collect$$libinit$$00000004)
    __rt_lib_init_rand_1                     0x0000014f   Thumb Code     0  libinit2.o(.ARM.Collect$$libinit$$0000000E)
    __rt_lib_init_user_alloc_1               0x0000014f   Thumb Code     0  libinit2.o(.ARM.Collect$$libinit$$0000000C)
    __rt_lib_init_lc_collate_1               0x00000155   Thumb Code     0  libinit2.o(.ARM.Collect$$libinit$$00000011)
    __rt_lib_init_lc_ctype_1                 0x00000155   Thumb Code     0  libinit2.o(.ARM.Collect$$libinit$$00000013)
    __rt_lib_init_lc_monetary_1              0x00000155   Thumb Code     0  libinit2.o(.ARM.Collect$$libinit$$00000015)
    __rt_lib_init_lc_numeric_2               0x00000155   Thumb Code     0  libinit2.o(.ARM.Collect$$libinit$$00000016)
    __rt_lib_init_alloca_1                   0x0000015f   Thumb Code     0  libinit2.o(.ARM.Collect$$libinit$$0000002E)
    __rt_lib_init_argv_1                     0x0000015f   Thumb Code     0  libinit2.o(.ARM.Collect$$libinit$$0000002C)
    __rt_lib_init_atexit_1                   0x0000015f   Thumb Code     0  libinit2.o(.ARM.Collect$$libinit$$0000001B)
    __rt_lib_init_clock_1                    0x0000015f   Thumb Code     0  libinit2.o(.ARM.Collect$$libinit$$00000021)
    __rt_lib_init_cpp_1                      0x0000015f   Thumb Code     0  libinit2.o(.ARM.Collect$$libinit$$00000032)
    __rt_lib_init_exceptions_1               0x0000015f   Thumb Code     0  libinit2.o(.ARM.Collect$$libinit$$00000030)
    __rt_lib_init_fp_trap_1                  0x0000015f   Thumb Code     0  libinit2.o(.ARM.Collect$$libinit$$0000001F)
    __rt_lib_init_getenv_1                   0x0000015f   Thumb Code     0  libinit2.o(.ARM.Collect$$libinit$$00000023)
    __rt_lib_init_lc_numeric_1               0x0000015f   Thumb Code     0  libinit2.o(.ARM.Collect$$libinit$$00000017)
    __rt_lib_init_lc_time_1                  0x0000015f   Thumb Code     0  libinit2.o(.ARM.Collect$$libinit$$00000019)
    __rt_lib_init_return                     0x0000015f   Thumb Code     0  libinit2.o(.ARM.Collect$$libinit$$00000033)
    __rt_lib_init_signal_1                   0x0000015f   Thumb Code     0  libinit2.o(.ARM.Collect$$libinit$$0000001D)
    __rt_lib_init_stdio_1                    0x0000015f   Thumb Code     0  libinit2.o(.ARM.Collect$$libinit$$00000025)
    __rt_lib_shutdown                        0x00000161   Thumb Code     0  libshutdown.o(.ARM.Collect$$libshutdown$$00000000)
    __rt_lib_shutdown_cpp_1                  0x00000163   Thumb Code     0  libshutdown2.o(.ARM.Collect$$libshutdown$$00000002)
    __rt_lib_shutdown_fp_trap_1              0x00000163   Thumb Code     0  libshutdown2.o(.ARM.Collect$$libshutdown$$00000007)
    __rt_lib_shutdown_heap_1                 0x00000163   Thumb Code     0  libshutdown2.o(.ARM.Collect$$libshutdown$$0000000F)
    __rt_lib_shutdown_return                 0x00000163   Thumb Code     0  libshutdown2.o(.ARM.Collect$$libshutdown$$00000010)
    __rt_lib_shutdown_signal_1               0x00000163   Thumb Code     0  libshutdown2.o(.ARM.Collect$$libshutdown$$0000000A)
    __rt_lib_shutdown_stdio_1                0x00000163   Thumb Code     0  libshutdown2.o(.ARM.Collect$$libshutdown$$00000004)
    __rt_lib_shutdown_user_alloc_1           0x00000163   Thumb Code     0  libshutdown2.o(.ARM.Collect$$libshutdown$$0000000C)
    __rt_entry                               0x00000165   Thumb Code     0  __rtentry.o(.ARM.Collect$$rtentry$$00000000)
    __rt_entry_presh_1                       0x00000165   Thumb Code     0  __rtentry2.o(.ARM.Collect$$rtentry$$00000002)
    __rt_entry_sh                            0x00000165   Thumb Code     0  __rtentry4.o(.ARM.Collect$$rtentry$$00000004)
    __rt_entry_li                            0x0000016b   Thumb Code     0  __rtentry2.o(.ARM.Collect$$rtentry$$0000000A)
    __rt_entry_postsh_1                      0x0000016b   Thumb Code     0  __rtentry2.o(.ARM.Collect$$rtentry$$00000009)
    __rt_entry_main                          0x0000016f   Thumb Code     0  __rtentry2.o(.ARM.Collect$$rtentry$$0000000D)
    __rt_entry_postli_1                      0x0000016f   Thumb Code     0  __rtentry2.o(.ARM.Collect$$rtentry$$0000000C)
    __rt_exit                                0x00000177   Thumb Code     0  rtexit.o(.ARM.Collect$$rtexit$$00000000)
    __rt_exit_ls                             0x00000179   Thumb Code     0  rtexit2.o(.ARM.Collect$$rtexit$$00000003)
    __rt_exit_prels_1                        0x00000179   Thumb Code     0  rtexit2.o(.ARM.Collect$$rtexit$$00000002)
    __rt_exit_exit                           0x0000017d   Thumb Code     0  rtexit2.o(.ARM.Collect$$rtexit$$00000004)
    Reset_Handler                            0x00000185   Thumb Code     8  startup_lpc11xx.o(.text)
    NMI_Handler                              0x0000018d   Thumb Code     2  startup_lpc11xx.o(.text)
    HardFault_Handler                        0x0000018f   Thumb Code     2  startup_lpc11xx.o(.text)
    SVC_Handler                              0x00000191   Thumb Code     2  startup_lpc11xx.o(.text)
    PendSV_Handler                           0x00000193   Thumb Code     2  startup_lpc11xx.o(.text)
    ADC_IRQHandler                           0x00000197   Thumb Code     0  startup_lpc11xx.o(.text)
    BOD_IRQHandler                           0x00000197   Thumb Code     0  startup_lpc11xx.o(.text)
    CAN_IRQHandler                           0x00000197   Thumb Code     0  startup_lpc11xx.o(.text)
    FMC_IRQHandler                           0x00000197   Thumb Code     0  startup_lpc11xx.o(.text)
    I2C_IRQHandler                           0x00000197   Thumb Code     0  startup_lpc11xx.o(.text)
    PIOINT0_IRQHandler                       0x00000197   Thumb Code     0  startup_lpc11xx.o(.text)
    PIOINT1_IRQHandler                       0x00000197   Thumb Code     0  startup_lpc11xx.o(.text)
    PIOINT2_IRQHandler                       0x00000197   Thumb Code     0  startup_lpc11xx.o(.text)
    SSP0_IRQHandler                          0x00000197   Thumb Code     0  startup_lpc11xx.o(.text)
    SSP1_IRQHandler                          0x00000197   Thumb Code     0  startup_lpc11xx.o(.text)
    TIMER16_0_IRQHandler                     0x00000197   Thumb Code     0  startup_lpc11xx.o(.text)
    TIMER16_1_IRQHandler                     0x00000197   Thumb Code     0  startup_lpc11xx.o(.text)
    TIMER32_0_IRQHandler                     0x00000197   Thumb Code     0  startup_lpc11xx.o(.text)
    TIMER32_1_IRQHandler                     0x00000197   Thumb Code     0  startup_lpc11xx.o(.text)
    UART_IRQHandler                          0x00000197   Thumb Code     0  startup_lpc11xx.o(.text)
    USB_FIQHandler                           0x00000197   Thumb Code     0  startup_lpc11xx.o(.text)
    USB_IRQHandler                           0x00000197   Thumb Code     0  startup_lpc11xx.o(.text)
    WAKEUP_IRQHandler                        0x00000197   Thumb Code     0  startup_lpc11xx.o(.text)
    WDT_IRQHandler                           0x00000197   Thumb Code     0  startup_lpc11xx.o(.text)
    __user_initial_stackheap                 0x00000199   Thumb Code     0  startup_lpc11xx.o(.text)
    __2sprintf                               0x000001b9   Thumb Code    36  noretval__2sprintf.o(.text)
    __printf                                 0x000001e1   Thumb Code   108  __printf.o(.text)
    __use_two_region_memory                  0x0000024d   Thumb Code     2  heapauxi.o(.text)
    __rt_heap_escrow$2region                 0x0000024f   Thumb Code     2  heapauxi.o(.text)
    __rt_heap_expand$2region                 0x00000251   Thumb Code     2  heapauxi.o(.text)
    __aeabi_f2d                              0x00000255   Thumb Code     0  f2d.o(.text)
    _f2d                                     0x00000255   Thumb Code    80  f2d.o(.text)
    _printf_char_common                      0x000002b3   Thumb Code    32  _printf_char_common.o(.text)
    _sputc                                   0x000002d9   Thumb Code    10  _sputc.o(.text)
    __rt_locale                              0x000002e5   Thumb Code     8  rt_locale_intlibspace.o(.text)
    __user_libspace                          0x000002ed   Thumb Code     8  libspace.o(.text)
    __user_perproc_libspace                  0x000002ed   Thumb Code     0  libspace.o(.text)
    __user_perthread_libspace                0x000002ed   Thumb Code     0  libspace.o(.text)
    __I$use$semihosting                      0x000002f5   Thumb Code     0  use_no_semi.o(.text)
    __use_no_semihosting_swi                 0x000002f5   Thumb Code     2  use_no_semi.o(.text)
    __I$use$fp                               0x000002f6   Number         0  usenofp.o(x$fpl$usenofp)
    __semihosting_library_function           0x000002f7   Thumb Code     0  indicate_semi.o(.text)
    __aeabi_uidiv                            0x00000301   Thumb Code     0  aeabi_sdiv.o(.text)
    __aeabi_uidivmod                         0x00000301   Thumb Code    20  aeabi_sdiv.o(.text)
    __aeabi_idiv                             0x00000315   Thumb Code     0  aeabi_sdiv.o(.text)
    __aeabi_idivmod                          0x00000315   Thumb Code   326  aeabi_sdiv.o(.text)
    __aeabi_fdiv                             0x0000045d   Thumb Code     0  fdiv.o(.text)
    _fdiv                                    0x0000045d   Thumb Code   334  fdiv.o(.text)
    _frdiv                                   0x000005ab   Thumb Code     8  fdiv.o(.text)
    __aeabi_i2f_normalise                    0x000005bd   Thumb Code    72  fflti.o(.text)
    __aeabi_i2f                              0x00000605   Thumb Code    16  fflti.o(.text)
    _fflt                                    0x00000605   Thumb Code     0  fflti.o(.text)
    __aeabi_ui2f                             0x00000615   Thumb Code     6  fflti.o(.text)
    _ffltu                                   0x00000615   Thumb Code     0  fflti.o(.text)
    __lib_sel_fp_printf                      0x0000061d   Thumb Code     2  _printf_fp_dec.o(.text)
    _printf_fp_dec_real                      0x000007b7   Thumb Code   620  _printf_fp_dec.o(.text)
    _ll_udiv10                               0x00000a31   Thumb Code   122  lludiv10.o(.text)
    _printf_fp_infnan                        0x00000aad   Thumb Code   120  _printf_fp_infnan.o(.text)
    _btod_etento                             0x00000b35   Thumb Code   196  bigflt0.o(.text)
    _btod_d2e                                0x00000bfd   Thumb Code    64  btod.o(.text)
    _btod_emul                               0x00000ff3   Thumb Code    24  btod.o(.text)
    _btod_emuld                              0x0000100b   Thumb Code    60  btod.o(.text)
    _btod_ediv                               0x00001047   Thumb Code    22  btod.o(.text)
    _btod_edivd                              0x0000105d   Thumb Code    60  btod.o(.text)
    __rt_udiv10                              0x000010a5   Thumb Code    40  rtudiv10.o(.text)
    __user_setup_stackheap                   0x000010cd   Thumb Code    62  sys_stackheap_outer.o(.text)
    exit                                     0x0000110b   Thumb Code    16  exit.o(.text)
    strcmp                                   0x0000111d   Thumb Code   132  strcmp.o(.text)
    _sys_exit                                0x000011a5   Thumb Code     8  sys_exit.o(.text)
    ADC_Init                                 0x000011b1   Thumb Code    90  adc.o(i.ADC_Init)
    Keyinit                                  0x00001225   Thumb Code   142  key.o(i.Keyinit)
    PIOINT3_IRQHandler                       0x000012b9   Thumb Code    98  key.o(i.PIOINT3_IRQHandler)
    SysTick_Handler                          0x00001329   Thumb Code    12  delay.o(i.SysTick_Handler)
    SystemInit                               0x00001339   Thumb Code   150  system_lpc11xx.o(i.SystemInit)
    UART_Init                                0x000013d9   Thumb Code   152  uart.o(i.UART_Init)
    UART_SendByte                            0x00001481   Thumb Code    20  uart.o(i.UART_SendByte)
    UART_SendStr                             0x00001499   Thumb Code    28  uart.o(i.UART_SendStr)
    __ARM_common_ll_muluu                    0x000014b5   Thumb Code    48  btod.o(i.__ARM_common_ll_muluu)
    __ARM_fpclassify                         0x000014e5   Thumb Code    40  fpclassify.o(i.__ARM_fpclassify)
    delay_ms                                 0x00001511   Thumb Code    50  delay.o(i.delay_ms)
    main                                     0x00001551   Thumb Code   412  main.o(i.main)
    _get_lc_numeric                          0x0000175d   Thumb Code    44  lc_numeric_c.o(locale$$code)
    __aeabi_fadd                             0x00001789   Thumb Code     0  faddsub.o(x$fpl$fadd)
    _fadd                                    0x00001789   Thumb Code   134  faddsub.o(x$fpl$fadd)
    __aeabi_fsub                             0x00001815   Thumb Code     0  faddsub.o(x$fpl$fsub)
    _fsub                                    0x00001815   Thumb Code   204  faddsub.o(x$fpl$fsub)
    _printf_fp_dec                           0x000018e5   Thumb Code    16  printf1.o(x$fpl$printf1)
    Region$$Table$$Base                      0x000019c8   Number         0  anon$$obj.o(Region$$Table)
    Region$$Table$$Limit                     0x000019e8   Number         0  anon$$obj.o(Region$$Table)
    datamax                                  0x10000004   Data           1  main.o(.data)
    datamin                                  0x10000005   Data           1  main.o(.data)
    SystemCoreClock                          0x10000008   Data           4  system_lpc11xx.o(.data)
    GcRcvBuf                                 0x1000000c   Data          20  main.o(.bss)
    __libspace_start                         0x10000020   Data          96  libspace.o(.bss)
    __temporary_stack_top$libspace           0x10000080   Data           0  libspace.o(.bss)



==============================================================================

Memory Map of the image

  Image Entry point : 0x000000c1

  Load Region LR_IROM1 (Base: 0x00000000, Size: 0x00001a10, Max: 0x00008000, ABSOLUTE)

    Execution Region ER_IROM1 (Base: 0x00000000, Size: 0x00001a04, Max: 0x00008000, ABSOLUTE)

    Base Addr    Size         Type   Attr      Idx    E Section Name        Object

    0x00000000   0x000000c0   Data   RO          233    RESET               startup_lpc11xx.o
    0x000000c0   0x00000008   Code   RO          313  * !!!main             c_p.l(__main.o)
    0x000000c8   0x0000003c   Code   RO          540    !!!scatter          c_p.l(__scatter.o)
    0x00000104   0x0000001a   Code   RO          542    !!handler_copy      c_p.l(__scatter_copy.o)
    0x0000011e   0x00000002   PAD
    0x00000120   0x0000001c   Code   RO          544    !!handler_zi        c_p.l(__scatter_zi.o)
    0x0000013c   0x00000002   Code   RO          306    .ARM.Collect$$_printf_percent$$00000000  c_p.l(_printf_percent.o)
    0x0000013e   0x0000000a   Code   RO          305    .ARM.Collect$$_printf_percent$$00000003  c_p.l(_printf_f.o)
    0x00000148   0x00000004   Code   RO          343    .ARM.Collect$$_printf_percent$$00000017  c_p.l(_printf_percent_end.o)
    0x0000014c   0x00000002   Code   RO          412    .ARM.Collect$$libinit$$00000000  c_p.l(libinit.o)
    0x0000014e   0x00000000   Code   RO          414    .ARM.Collect$$libinit$$00000002  c_p.l(libinit2.o)
    0x0000014e   0x00000000   Code   RO          416    .ARM.Collect$$libinit$$00000004  c_p.l(libinit2.o)
    0x0000014e   0x00000000   Code   RO          419    .ARM.Collect$$libinit$$0000000A  c_p.l(libinit2.o)
    0x0000014e   0x00000000   Code   RO          421    .ARM.Collect$$libinit$$0000000C  c_p.l(libinit2.o)
    0x0000014e   0x00000000   Code   RO          423    .ARM.Collect$$libinit$$0000000E  c_p.l(libinit2.o)
    0x0000014e   0x00000006   Code   RO          424    .ARM.Collect$$libinit$$0000000F  c_p.l(libinit2.o)
    0x00000154   0x00000000   Code   RO          426    .ARM.Collect$$libinit$$00000011  c_p.l(libinit2.o)
    0x00000154   0x00000000   Code   RO          428    .ARM.Collect$$libinit$$00000013  c_p.l(libinit2.o)
    0x00000154   0x00000000   Code   RO          430    .ARM.Collect$$libinit$$00000015  c_p.l(libinit2.o)
    0x00000154   0x0000000a   Code   RO          431    .ARM.Collect$$libinit$$00000016  c_p.l(libinit2.o)
    0x0000015e   0x00000000   Code   RO          432    .ARM.Collect$$libinit$$00000017  c_p.l(libinit2.o)
    0x0000015e   0x00000000   Code   RO          434    .ARM.Collect$$libinit$$00000019  c_p.l(libinit2.o)
    0x0000015e   0x00000000   Code   RO          436    .ARM.Collect$$libinit$$0000001B  c_p.l(libinit2.o)
    0x0000015e   0x00000000   Code   RO          438    .ARM.Collect$$libinit$$0000001D  c_p.l(libinit2.o)
    0x0000015e   0x00000000   Code   RO          440    .ARM.Collect$$libinit$$0000001F  c_p.l(libinit2.o)
    0x0000015e   0x00000000   Code   RO          442    .ARM.Collect$$libinit$$00000021  c_p.l(libinit2.o)
    0x0000015e   0x00000000   Code   RO          444    .ARM.Collect$$libinit$$00000023  c_p.l(libinit2.o)
    0x0000015e   0x00000000   Code   RO          446    .ARM.Collect$$libinit$$00000025  c_p.l(libinit2.o)
    0x0000015e   0x00000000   Code   RO          450    .ARM.Collect$$libinit$$0000002C  c_p.l(libinit2.o)
    0x0000015e   0x00000000   Code   RO          452    .ARM.Collect$$libinit$$0000002E  c_p.l(libinit2.o)
    0x0000015e   0x00000000   Code   RO          454    .ARM.Collect$$libinit$$00000030  c_p.l(libinit2.o)
    0x0000015e   0x00000000   Code   RO          456    .ARM.Collect$$libinit$$00000032  c_p.l(libinit2.o)
    0x0000015e   0x00000002   Code   RO          457    .ARM.Collect$$libinit$$00000033  c_p.l(libinit2.o)
    0x00000160   0x00000002   Code   RO          505    .ARM.Collect$$libshutdown$$00000000  c_p.l(libshutdown.o)
    0x00000162   0x00000000   Code   RO          523    .ARM.Collect$$libshutdown$$00000002  c_p.l(libshutdown2.o)
    0x00000162   0x00000000   Code   RO          525    .ARM.Collect$$libshutdown$$00000004  c_p.l(libshutdown2.o)
    0x00000162   0x00000000   Code   RO          528    .ARM.Collect$$libshutdown$$00000007  c_p.l(libshutdown2.o)
    0x00000162   0x00000000   Code   RO          531    .ARM.Collect$$libshutdown$$0000000A  c_p.l(libshutdown2.o)
    0x00000162   0x00000000   Code   RO          533    .ARM.Collect$$libshutdown$$0000000C  c_p.l(libshutdown2.o)
    0x00000162   0x00000000   Code   RO          536    .ARM.Collect$$libshutdown$$0000000F  c_p.l(libshutdown2.o)
    0x00000162   0x00000002   Code   RO          537    .ARM.Collect$$libshutdown$$00000010  c_p.l(libshutdown2.o)
    0x00000164   0x00000000   Code   RO          330    .ARM.Collect$$rtentry$$00000000  c_p.l(__rtentry.o)
    0x00000164   0x00000000   Code   RO          346    .ARM.Collect$$rtentry$$00000002  c_p.l(__rtentry2.o)
    0x00000164   0x00000006   Code   RO          358    .ARM.Collect$$rtentry$$00000004  c_p.l(__rtentry4.o)
    0x0000016a   0x00000000   Code   RO          348    .ARM.Collect$$rtentry$$00000009  c_p.l(__rtentry2.o)
    0x0000016a   0x00000004   Code   RO          349    .ARM.Collect$$rtentry$$0000000A  c_p.l(__rtentry2.o)
    0x0000016e   0x00000000   Code   RO          351    .ARM.Collect$$rtentry$$0000000C  c_p.l(__rtentry2.o)
    0x0000016e   0x00000008   Code   RO          352    .ARM.Collect$$rtentry$$0000000D  c_p.l(__rtentry2.o)
    0x00000176   0x00000002   Code   RO          459    .ARM.Collect$$rtexit$$00000000  c_p.l(rtexit.o)
    0x00000178   0x00000000   Code   RO          474    .ARM.Collect$$rtexit$$00000002  c_p.l(rtexit2.o)
    0x00000178   0x00000004   Code   RO          475    .ARM.Collect$$rtexit$$00000003  c_p.l(rtexit2.o)
    0x0000017c   0x00000006   Code   RO          476    .ARM.Collect$$rtexit$$00000004  c_p.l(rtexit2.o)
    0x00000182   0x00000002   PAD
    0x00000184   0x00000034   Code   RO          235    .text               startup_lpc11xx.o
    0x000001b8   0x00000028   Code   RO          281    .text               c_p.l(noretval__2sprintf.o)
    0x000001e0   0x0000006c   Code   RO          283    .text               c_p.l(__printf.o)
    0x0000024c   0x00000006   Code   RO          311    .text               c_p.l(heapauxi.o)
    0x00000252   0x00000002   PAD
    0x00000254   0x00000054   Code   RO          315    .text               fz_ps.l(f2d.o)
    0x000002a8   0x00000030   Code   RO          339    .text               c_p.l(_printf_char_common.o)
    0x000002d8   0x0000000a   Code   RO          341    .text               c_p.l(_sputc.o)
    0x000002e2   0x00000002   PAD
    0x000002e4   0x00000008   Code   RO          369    .text               c_p.l(rt_locale_intlibspace.o)
    0x000002ec   0x00000008   Code   RO          393    .text               c_p.l(libspace.o)
    0x000002f4   0x00000002   Code   RO          492    .text               c_p.l(use_no_semi.o)
    0x000002f6   0x00000000   Code   RO          494    .text               c_p.l(indicate_semi.o)
    0x000002f6   0x00000000   Code   RO          344    x$fpl$usenofp       fz_ps.l(usenofp.o)
    0x000002f6   0x00000006   PAD
    0x000002fc   0x00000004   Code   RO          234    .ARM.__at_0x02FC    startup_lpc11xx.o
    0x00000300   0x0000015a   Code   RO          307    .text               c_p.l(aeabi_sdiv.o)
    0x0000045a   0x00000002   PAD
    0x0000045c   0x00000160   Code   RO          323    .text               fz_ps.l(fdiv.o)
    0x000005bc   0x0000005e   Code   RO          326    .text               fz_ps.l(fflti.o)
    0x0000061a   0x00000002   PAD
    0x0000061c   0x00000414   Code   RO          337    .text               c_p.l(_printf_fp_dec.o)
    0x00000a30   0x0000007a   Code   RO          371    .text               c_p.l(lludiv10.o)
    0x00000aaa   0x00000002   PAD
    0x00000aac   0x00000088   Code   RO          373    .text               c_p.l(_printf_fp_infnan.o)
    0x00000b34   0x000000c8   Code   RO          377    .text               c_p.l(bigflt0.o)
    0x00000bfc   0x000004a8   Code   RO          380    .text               c_p.l(btod.o)
    0x000010a4   0x00000028   Code   RO          387    .text               c_p.l(rtudiv10.o)
    0x000010cc   0x0000003e   Code   RO          396    .text               c_p.l(sys_stackheap_outer.o)
    0x0000110a   0x00000010   Code   RO          399    .text               c_p.l(exit.o)
    0x0000111a   0x00000002   PAD
    0x0000111c   0x00000088   Code   RO          405    .text               c_p.l(strcmp.o)
    0x000011a4   0x0000000c   Code   RO          471    .text               c_p.l(sys_exit.o)
    0x000011b0   0x00000074   Code   RO           98    i.ADC_Init          adc.o
    0x00001224   0x00000094   Code   RO          166    i.Keyinit           key.o
    0x000012b8   0x00000070   Code   RO          167    i.PIOINT3_IRQHandler  key.o
    0x00001328   0x00000010   Code   RO          130    i.SysTick_Handler   delay.o
    0x00001338   0x000000a0   Code   RO          244    i.SystemInit        system_lpc11xx.o
    0x000013d8   0x000000a8   Code   RO           63    i.UART_Init         uart.o
    0x00001480   0x00000018   Code   RO           64    i.UART_SendByte     uart.o
    0x00001498   0x0000001c   Code   RO           65    i.UART_SendStr      uart.o
    0x000014b4   0x00000030   Code   RO          382    i.__ARM_common_ll_muluu  c_p.l(btod.o)
    0x000014e4   0x0000002c   Code   RO          391    i.__ARM_fpclassify  m_ps.l(fpclassify.o)
    0x00001510   0x00000040   Code   RO          131    i.delay_ms          delay.o
    0x00001550   0x0000020c   Code   RO          196    i.main              main.o
    0x0000175c   0x0000002c   Code   RO          385    locale$$code        c_p.l(lc_numeric_c.o)
    0x00001788   0x0000008c   Code   RO          317    x$fpl$fadd          fz_ps.l(faddsub.o)
    0x00001814   0x000000d0   Code   RO          319    x$fpl$fsub          fz_ps.l(faddsub.o)
    0x000018e4   0x00000010   Code   RO          328    x$fpl$printf1       fz_ps.l(printf1.o)
    0x000018f4   0x00000040   Data   RO          324    .constdata          fz_ps.l(fdiv.o)
    0x00001934   0x00000094   Data   RO          378    .constdata          c_p.l(bigflt0.o)
    0x000019c8   0x00000020   Data   RO          538    Region$$Table       anon$$obj.o
    0x000019e8   0x0000001c   Data   RO          384    locale$$data        c_p.l(lc_numeric_c.o)


    Execution Region RW_IRAM1 (Base: 0x10000000, Size: 0x00000280, Max: 0x00002000, ABSOLUTE)

    Base Addr    Size         Type   Attr      Idx    E Section Name        Object

    0x10000000   0x00000004   Data   RW          132    .data               delay.o
    0x10000004   0x00000002   Data   RW          198    .data               main.o
    0x10000006   0x00000002   PAD
    0x10000008   0x00000004   Data   RW          245    .data               system_lpc11xx.o
    0x1000000c   0x00000014   Zero   RW          197    .bss                main.o
    0x10000020   0x00000060   Zero   RW          394    .bss                c_p.l(libspace.o)
    0x10000080   0x00000000   Zero   RW          232    HEAP                startup_lpc11xx.o
    0x10000080   0x00000200   Zero   RW          231    STACK               startup_lpc11xx.o


==============================================================================

Image component sizes


      Code (inc. data)   RO Data    RW Data    ZI Data      Debug   Object Name

       116         26          0          0          0        407   adc.o
        80         18          0          4          0        989   delay.o
       260         20          0          0          0        847   key.o
       524        112          0          2         20       8190   main.o
         0          0          0          0          0      12380   smg.o
        56         26        192          0        512        840   startup_lpc11xx.o
       160         10          0          4          0       1907   system_lpc11xx.o
       220         20          0          0          0       1355   uart.o

    ----------------------------------------------------------------------
      1416        232        224         12        532      26915   Object Totals
         0          0         32          0          0          0   (incl. Generated)
         0          0          0          2          0          0   (incl. Padding)

    ----------------------------------------------------------------------

      Code (inc. data)   RO Data    RW Data    ZI Data      Debug   Library Member Name

         8          0          0          0          0         68   __main.o
       108          0          0          0          0         76   __printf.o
         0          0          0          0          0          0   __rtentry.o
        12          0          0          0          0          0   __rtentry2.o
         6          0          0          0          0          0   __rtentry4.o
        60          8          0          0          0          0   __scatter.o
        26          0          0          0          0          0   __scatter_copy.o
        28          0          0          0          0          0   __scatter_zi.o
        48          6          0          0          0         88   _printf_char_common.o
        10          0          0          0          0          0   _printf_f.o
      1044         14          0          0          0        176   _printf_fp_dec.o
       136         16          0          0          0         76   _printf_fp_infnan.o
         2          0          0          0          0          0   _printf_percent.o
         4          0          0          0          0          0   _printf_percent_end.o
        10          0          0          0          0         60   _sputc.o
       346          0          0          0          0         92   aeabi_sdiv.o
       200          4        148          0          0         80   bigflt0.o
      1240         12          0          0          0        316   btod.o
        16          0          0          0          0         68   exit.o
         6          0          0          0          0        136   heapauxi.o
         0          0          0          0          0          0   indicate_semi.o
        44         10         28          0          0         76   lc_numeric_c.o
         2          0          0          0          0          0   libinit.o
        18          0          0          0          0          0   libinit2.o
         2          0          0          0          0          0   libshutdown.o
         2          0          0          0          0          0   libshutdown2.o
         8          4          0          0         96         68   libspace.o
       122          0          0          0          0         72   lludiv10.o
        40          4          0          0          0         84   noretval__2sprintf.o
         8          4          0          0          0         68   rt_locale_intlibspace.o
         2          0          0          0          0          0   rtexit.o
        10          0          0          0          0          0   rtexit2.o
        40          0          0          0          0         60   rtudiv10.o
       136          4          0          0          0         72   strcmp.o
        12          4          0          0          0         60   sys_exit.o
        62          0          0          0          0         80   sys_stackheap_outer.o
         2          0          0          0          0         68   use_no_semi.o
        84          4          0          0          0         60   f2d.o
       348          8          0          0          0        160   faddsub.o
       352         10         64          0          0         92   fdiv.o
        94          0          0          0          0         92   fflti.o
        16          4          0          0          0         76   printf1.o
         0          0          0          0          0          0   usenofp.o
        44          4          0          0          0         60   fpclassify.o

    ----------------------------------------------------------------------
      4780        120        240          0         96       2484   Library Totals
        22          0          0          0          0          0   (incl. Padding)

    ----------------------------------------------------------------------

      Code (inc. data)   RO Data    RW Data    ZI Data      Debug   Library Name

      3820         90        176          0         96       1944   c_p.l
       894         26         64          0          0        480   fz_ps.l
        44          4          0          0          0         60   m_ps.l

    ----------------------------------------------------------------------
      4780        120        240          0         96       2484   Library Totals

    ----------------------------------------------------------------------

==============================================================================


      Code (inc. data)   RO Data    RW Data    ZI Data      Debug   

      6196        352        464         12        628      27939   Grand Totals
      6196        352        464         12        628      27939   ELF Image Totals
      6196        352        464         12          0          0   ROM Totals

==============================================================================

    Total RO  Size (Code + RO Data)                 6660 (   6.50kB)
    Total RW  Size (RW Data + ZI Data)               640 (   0.63kB)
    Total ROM Size (Code + RO Data + RW Data)       6672 (   6.52kB)

==============================================================================

