<html>
<body>
<pre>
<h1>µVision Build Log</h1>
<h2>Tool Versions:</h2>
IDE-Version: ¦ÌVision V5.20.0.0
Copyright (C) 2016 ARM Ltd and ARM Germany GmbH. All rights reserved.
License Information: haiyan haiyan, haiyan, LIC=----
 
Tool Versions:
Toolchain:       MDK-Lite  Version: 5.20
Toolchain Path:  E:\Software\Study1.0\danpianji\software\ARM\ARMCC\Bin
C Compiler:      Armcc.exe V5.06 update 2 (build 183)
Assembler:       Armasm.exe V5.06 update 2 (build 183)
Linker/Locator:  ArmLink.exe V5.06 update 2 (build 183)
Library Manager: ArmAr.exe V5.06 update 2 (build 183)
Hex Converter:   FromElf.exe V5.06 update 2 (build 183)
CPU DLL:         SARMCM3.DLL V5.20
Dialog DLL:      DARMCM1.DLL V1.14.0.0
Target DLL:      Segger\JL2CM3.dll V2.99.20.0
Dialog DLL:      TARMCM1.DLL V1.10.0.0
 
<h2>Project:</h2>
E:\finalterm\out\finalterm.uvprojx
Project File Date:  06/11/2017

<h2>Output:</h2>
*** Using Compiler 'V5.06 update 2 (build 183)', folder: 'E:\Software\Study1.0\danpianji\software\ARM\ARMCC\Bin'
Rebuild target 'LPC1114'
assembling startup_LPC11xx.s...
compiling Uart.c...
compiling SMG.c...
compiling ADC.c...
compiling Delay.c...
compiling Key.c...
..\src\Key.h(8): warning:  #1295-D: Deprecated declaration Keyinit - give arg types
  void Keyinit();
..\src\Key.h(9): warning:  #1295-D: Deprecated declaration PIOINT3_IRQHandler - give arg types
  void PIOINT3_IRQHandler();
..\src\Key.c: 2 warnings, 0 errors
compiling main.c...
..\src\Key.h(8): warning:  #1295-D: Deprecated declaration Keyinit - give arg types
  void Keyinit();
..\src\Key.h(9): warning:  #1295-D: Deprecated declaration PIOINT3_IRQHandler - give arg types
  void PIOINT3_IRQHandler();
..\src\main.c(17): warning:  #177-D: variable "i" was declared but never referenced
  	uint32_t i;
..\src\main.c: 3 warnings, 0 errors
compiling system_LPC11xx.c...
linking...
Program Size: Code=6968 RO-data=464 RW-data=24 ZI-data=632  
".\Objects\finalterm.axf" - 0 Error(s), 5 Warning(s).

<h2>Software Packages used:</h2>

Package Vendor: ARM
                http://www.keil.com/pack/ARM.CMSIS.5.0.0-Beta12.pack
                ARM::CMSIS:CORE:5.0.0
                CMSIS (Cortex Microcontroller Software Interface Standard)
   * Component: CORE Version: 5.0.0

Package Vendor: Keil
                http://www.keil.com/pack/Keil.LPC1100_DFP.1.2.0.pack
                Keil::Device:Startup:1.0.0
                NXP LPC1100 Series Device Support
   * Component: Startup Version: 1.0.0

<h2>Collection of Component include folders:</h2>
  E:\finalterm\out\RTE
  E:\Software\Study1.0\danpianji\software\ARM\PACK\ARM\CMSIS\5.0.0-Beta12\CMSIS\Include
  E:\Software\Study1.0\danpianji\software\ARM\PACK\Keil\LPC1100_DFP\1.2.0\Device\Include\LPC11xx

<h2>Collection of Component Files used:</h2>

   * Component: ARM::CMSIS:CORE:5.0.0

   * Component: Keil::Device:Startup:1.0.0
      Include file:  Device\Include\LPC11xx\LPC11xx.h
      Source file:   Device\Source\ARM\startup_LPC11xx.s
      Source file:   Device\Source\system_LPC11xx.c
Build Time Elapsed:  00:00:00
</pre>
</body>
</html>
